<?xml version="1.0" encoding="UTF-8"?>
<TestRun id="876ba532-6d21-481c-9175-d5b75a670751" name="ymateo@AGR-AQF130 2016-04-09 08:23:36" runUser="AGR-DOMAIN\ymateo" xmlns="http://microsoft.com/schemas/VisualStudio/TeamTest/2010">
  <TestSettings name="Configuración de pruebas predeterminada" id="1c724b9c-cd55-4c56-bcc0-9dcabd202512">
    <Deployment runDeploymentRoot="ymateo_AGR-AQF130 2016-04-09 08_23_36">
      <DeploymentItem filename="F:\UPC\Septimo Ciclo\DSD\AvanceFinal\Avance2\LosRenacidosWeb\GestionEquipoWeb\bin\GestionEquipoWeb.dll" />
    </Deployment>
    <Execution>
      <TestTypeSpecific />
      <AgentRule name="Execution Agents">
      </AgentRule>
    </Execution>
  </TestSettings>
  <Times creation="2016-04-09T08:23:36.9824189-05:00" queuing="2016-04-09T08:23:38.9224216-05:00" start="2016-04-09T08:23:38.9324217-05:00" finish="2016-04-09T08:23:39.5594302-05:00" />
  <ResultSummary outcome="Failed">
    <Counters total="1" executed="1" error="0" failed="1" timeout="0" aborted="0" inconclusive="0" passedButRunAborted="0" notRunnable="0" notExecuted="0" disconnected="0" warning="0" passed="0" completed="0" inProgress="0" pending="0" />
  </ResultSummary>
  <TestDefinitions>
    <UnitTest name="asignarAveriaTest" storage="f:\upc\septimo ciclo\dsd\avancefinal\avance2\losrenacidosweb\gestionequipoweb.tests\bin\debug\gestionequipoweb.tests.dll" id="e2b62915-51a8-a44d-0f7e-1ce8b702a5a7">
      <Execution id="600cd542-f8d5-4ef9-aafb-c3cbe04a987f" />
      <TestMethod codeBase="F:/UPC/Septimo Ciclo/DSD/AvanceFinal/Avance2/LosRenacidosWeb/GestionEquipoWeb.Tests/bin/Debug/GestionEquipoWeb.Tests.DLL" adapterTypeName="Microsoft.VisualStudio.TestTools.TestTypes.Unit.UnitTestAdapter, Microsoft.VisualStudio.QualityTools.Tips.UnitTest.Adapter, Version=10.0.0.0, Culture=neutral, PublicKeyToken=b03f5f7f11d50a3a" className="GestionEquipoWeb.Tests.TestGestion, GestionEquipoWeb.Tests, Version=1.0.0.0, Culture=neutral, PublicKeyToken=null" name="asignarAveriaTest" />
    </UnitTest>
  </TestDefinitions>
  <TestLists>
    <TestList name="Resultados que no están en la lista" id="8c84fa94-04c1-424b-9868-57a2d4851a1d" />
    <TestList name="Todos los resultados cargados" id="19431567-8539-422a-85d7-44ee4e166bda" />
  </TestLists>
  <TestEntries>
    <TestEntry testId="e2b62915-51a8-a44d-0f7e-1ce8b702a5a7" executionId="600cd542-f8d5-4ef9-aafb-c3cbe04a987f" testListId="8c84fa94-04c1-424b-9868-57a2d4851a1d" />
  </TestEntries>
  <Results>
    <UnitTestResult executionId="600cd542-f8d5-4ef9-aafb-c3cbe04a987f" testId="e2b62915-51a8-a44d-0f7e-1ce8b702a5a7" testName="asignarAveriaTest" computerName="AGR-AQF130" duration="00:00:00.4315928" startTime="2016-04-09T08:23:38.9324217-05:00" endTime="2016-04-09T08:23:39.5394301-05:00" testType="13cdc9d9-ddb5-4fa4-a97d-d965ccfc6d4b" outcome="Failed" testListId="8c84fa94-04c1-424b-9868-57a2d4851a1d" relativeResultsDirectory="600cd542-f8d5-4ef9-aafb-c3cbe04a987f">
      <Output>
        <ErrorInfo>
          <Message>El método de prueba GestionEquipoWeb.Tests.TestGestion.asignarAveriaTest produjo la excepción: 
System.Net.WebException: Error en el servidor remoto: (400) Solicitud incorrecta.</Message>
          <StackTrace>    en System.Net.HttpWebRequest.GetResponse()
   en GestionEquipoWeb.Tests.TestGestion.asignarAveriaTest() en F:\UPC\Septimo Ciclo\DSD\AvanceFinal\Avance2\LosRenacidosWeb\GestionEquipoWeb.Tests\TestGestion.cs:línea 273
</StackTrace>
        </ErrorInfo>
      </Output>
    </UnitTestResult>
  </Results>
</TestRun>